// Jest Snapshot v1, https://goo.gl/fbAQLP

exports[`Nav component matches snapshot DOM node structure 1`] = `
<DocumentFragment>
  <header
    class="flex-row px-0"
  >
    <nav
      class="nav-wrapper"
    >
      <a
        data-testid="link"
        href="/"
      >
        <span
          aria-label="camera"
          role="img"
        >
          🙏  
        </span>
        Zaw Min Maung
      </a>
      <ul
        class="flex-row right hide-on-med-and-down"
        id="nav-mobile"
      >
        <li
          class="mx-2"
        >
          <a
            data-testid="about"
            href="#about"
          >
            About Me
          </a>
        </li>
        <li
          class="mx-2 navActive"
        >
          <span>
            Contact
          </span>
        </li>
        <li
          class="mx-1 false"
        >
          <span>
            Portraits
          </span>
        </li>
      </ul>
    </nav>
  </header>
</DocumentFragment>
`;
